ERROR: LoadError: ArgumentError: Package Aqua not found in current path.
- Run `import Pkg; Pkg.add("Aqua")` to install the Aqua package.
Stacktrace:
 [1] macro expansion
   @ ./loading.jl:2400 [inlined]
 [2] macro expansion
   @ ./lock.jl:376 [inlined]
 [3] __require(into::Module, mod::Symbol)
   @ Base ./loading.jl:2383
 [4] require(into::Module, mod::Symbol)
   @ Base ./loading.jl:2359
 [5] include(mapexpr::Function, mod::Module, _path::String)
   @ Base ./Base.jl:307
 [6] top-level scope
   @ ~/projects/JuliaUmbrella/T4AMPOContractions.jl/test/runtests.jl:5
 [7] include(mod::Module, _path::String)
   @ Base ./Base.jl:306
 [8] exec_options(opts::Base.JLOptions)
   @ Base ./client.jl:317
 [9] _start()
   @ Base ./client.jl:550
in expression starting at /Users/hiroshi/projects/JuliaUmbrella/T4AMPOContractions.jl/test/test_with_aqua.jl:1
in expression starting at /Users/hiroshi/projects/JuliaUmbrella/T4AMPOContractions.jl/test/runtests.jl:5
